
> sonacohort@0.1.0 build
> next build --turbopack

   ▲ Next.js 15.5.9 (Turbopack)
   - Environments: .env.local

   Creating an optimized production build ...
 ✓ Finished writing to disk in 235ms
 ✓ Compiled successfully in 8.0s
   Linting and checking validity of types ...

Failed to compile.

./src/app/(dashboard)/faculty/settings/page.tsx
686:41  Error: `"` can be escaped with `&quot;`, `&ldquo;`, `&#34;`, `&rdquo;`.  react/no-unescaped-entities
686:60  Error: `"` can be escaped with `&quot;`, `&ldquo;`, `&#34;`, `&rdquo;`.  react/no-unescaped-entities
686:65  Error: `'` can be escaped with `&apos;`, `&lsquo;`, `&#39;`, `&rsquo;`.  react/no-unescaped-entities
708:76  Error: `"` can be escaped with `&quot;`, `&ldquo;`, `&#34;`, `&rdquo;`.  react/no-unescaped-entities
708:86  Error: `"` can be escaped with `&quot;`, `&ldquo;`, `&#34;`, `&rdquo;`.  react/no-unescaped-entities

./src/app/(dashboard)/peer/exams/page.tsx
12:10  Warning: 'ExamService' is defined but never used.  @typescript-eslint/no-unused-vars

./src/app/api/cron/diagnostics/route.ts
8:27  Warning: 'request' is defined but never used.  @typescript-eslint/no-unused-vars
11:24  Error: Unexpected any. Specify a different type.  @typescript-eslint/no-explicit-any

./src/lib/services/emailAutomationService.ts
106:33  Error: Unexpected any. Specify a different type.  @typescript-eslint/no-explicit-any
106:67  Error: Unexpected any. Specify a different type.  @typescript-eslint/no-explicit-any

info  - Need to disable some ESLint rules? Learn more here: https://nextjs.org/docs/app/api-reference/config/eslint#disabling-rules
